// Jest Snapshot v1, https://goo.gl/fbAQLP

exports[`WeatherCard Component should render without crashing 1`] = `ShallowWrapper {}`;
