// Jest Snapshot v1, https://goo.gl/fbAQLP

exports[`<ErrorMessage /> renders without crashing 1`] = `ShallowWrapper {}`;

exports[`ErrorMessage Component renders without crashing 1`] = `ShallowWrapper {}`;

exports[`ErrorMessage Component should render without crashing 1`] = `ShallowWrapper {}`;
